** Drc report for shield.kicad_pcb **
** Created on 2025-12-07T23:58:43+0000 **

** Found 13 DRC violations **
[silk_overlap]: Silkscreen overlap
    Rule: board setup constraints silk; warning
    @(198.2250 mm, 91.1750 mm): Reference field of U1
    @(198.2250 mm, 90.5550 mm): Segment of U4 on F.Silkscreen
[silk_overlap]: Silkscreen overlap
    Rule: board setup constraints silk; warning
    @(198.2250 mm, 90.5550 mm): Segment of U4 on F.Silkscreen
    @(198.2250 mm, 91.1750 mm): Reference field of U1
[silk_overlap]: Silkscreen overlap
    Rule: board setup constraints silk; warning
    @(214.6700 mm, 86.8900 mm): Reference field of D2
    @(214.6700 mm, 86.2250 mm): Segment of D1 on F.Silkscreen
[silk_overlap]: Silkscreen overlap
    Rule: board setup constraints silk; warning
    @(214.6700 mm, 86.8900 mm): Reference field of D2
    @(214.6700 mm, 86.2250 mm): Segment of D1 on F.Silkscreen
[silk_over_copper]: Silkscreen clipped by solder mask
    Local override; warning
    @(152.4000 mm, 101.3400 mm): Reference field of J2
[text_height]: Text height out of range (board setup constraints silk text height min height 0.8000 mm; actual 0.5000 mm)
    Rule: board setup constraints silk text height; warning
    @(149.0472 mm, 111.5060 mm): PCB text 'Licensed under CERN OHL v.1.2' on F.Silkscreen
[lib_footprint_mismatch]: Footprint 'SOIC-8-1EP_3.9x4.9mm_P1.27mm_EP2.29x3mm' does not match copy in library 'Package_SO'.
    Local override; warning
    @(198.2250 mm, 94.5750 mm): Footprint U1
[lib_footprint_mismatch]: Footprint 'RaspberryPi_Pico_Common_Unspecified' does not match copy in library 'Module'.
    Local override; warning
    @(152.4000 mm, 76.2000 mm): Footprint A2
[lib_footprint_mismatch]: Footprint 'SOIC-8_3.9x4.9mm_P1.27mm' does not match copy in library 'Package_SO'.
    Local override; warning
    @(230.1000 mm, 90.1600 mm): Footprint U2
[lib_footprint_mismatch]: Footprint 'SOIC-16_3.9x9.9mm_P1.27mm' does not match copy in library 'Package_SO'.
    Local override; warning
    @(198.2250 mm, 85.4950 mm): Footprint U4
[lib_footprint_mismatch]: Footprint 'SOT-23' does not match copy in library 'Package_TO_SOT_SMD'.
    Local override; warning
    @(214.6700 mm, 84.6650 mm): Footprint D1
[lib_footprint_mismatch]: Footprint 'SOIC-8_3.9x4.9mm_P1.27mm' does not match copy in library 'Package_SO'.
    Local override; warning
    @(230.3350 mm, 103.8850 mm): Footprint U3
[lib_footprint_mismatch]: Footprint 'SOT-23' does not match copy in library 'Package_TO_SOT_SMD'.
    Local override; warning
    @(214.6700 mm, 89.2900 mm): Footprint D2

** Found 56 unconnected pads **
[unconnected_items]: Missing connection between items
    Local override; error
    @(139.9000 mm, 105.5600 mm): PTH pad 0 [GND] of J2
    @(148.2450 mm, 106.9800 mm): PTH pad 6 [GND] of J2
[unconnected_items]: Missing connection between items
    Local override; error
    @(143.5100 mm, 69.8500 mm): PTH pad 8 [GND] of A2
    @(143.5100 mm, 57.1500 mm): PTH pad 3 [GND] of A2
[unconnected_items]: Missing connection between items
    Local override; error
    @(143.5100 mm, 69.8500 mm): PTH pad 8 [GND] of A2
    @(143.5100 mm, 82.5500 mm): PTH pad 13 [GND] of A2
[unconnected_items]: Missing connection between items
    Local override; error
    @(143.5100 mm, 82.5500 mm): PTH pad 13 [GND] of A2
    @(148.1200 mm, 92.6900 mm): Pad 16 [GND] of SW1 on F.Cu
[unconnected_items]: Missing connection between items
    Local override; error
    @(143.5100 mm, 95.2500 mm): PTH pad 18 [GND] of A2
    @(148.1200 mm, 92.6900 mm): Pad 16 [GND] of SW1 on F.Cu
[unconnected_items]: Missing connection between items
    Local override; error
    @(143.5100 mm, 95.2500 mm): PTH pad 18 [GND] of A2
    @(139.9000 mm, 105.5600 mm): PTH pad 0 [GND] of J2
[unconnected_items]: Missing connection between items
    Local override; error
    @(148.1200 mm, 92.6900 mm): Pad 16 [GND] of SW1 on F.Cu
    @(149.3900 mm, 92.6900 mm): Pad 15 [GND] of SW1 on F.Cu
[unconnected_items]: Missing connection between items
    Local override; error
    @(148.2450 mm, 106.9800 mm): PTH pad 6 [GND] of J2
    @(152.4000 mm, 104.1400 mm): PTH pad 3 [GND] of J2
[unconnected_items]: Missing connection between items
    Local override; error
    @(149.3900 mm, 92.6900 mm): Pad 15 [GND] of SW1 on F.Cu
    @(150.6600 mm, 92.6900 mm): Pad 14 [GND] of SW1 on F.Cu
[unconnected_items]: Missing connection between items
    Local override; error
    @(150.6600 mm, 92.6900 mm): Pad 14 [GND] of SW1 on F.Cu
    @(151.9300 mm, 92.6900 mm): Pad 13 [GND] of SW1 on F.Cu
[unconnected_items]: Missing connection between items
    Local override; error
    @(151.9300 mm, 92.6900 mm): Pad 13 [GND] of SW1 on F.Cu
    @(153.2000 mm, 92.6900 mm): Pad 12 [GND] of SW1 on F.Cu
[unconnected_items]: Missing connection between items
    Local override; error
    @(153.2000 mm, 92.6900 mm): Pad 12 [GND] of SW1 on F.Cu
    @(154.4700 mm, 92.6900 mm): Pad 11 [GND] of SW1 on F.Cu
[unconnected_items]: Missing connection between items
    Local override; error
    @(154.4700 mm, 92.6900 mm): Pad 11 [GND] of SW1 on F.Cu
    @(155.7400 mm, 92.6900 mm): Pad 10 [GND] of SW1 on F.Cu
[unconnected_items]: Missing connection between items
    Local override; error
    @(155.7400 mm, 92.6900 mm): Pad 10 [GND] of SW1 on F.Cu
    @(157.0100 mm, 92.6900 mm): Pad 9 [GND] of SW1 on F.Cu
[unconnected_items]: Missing connection between items
    Local override; error
    @(157.0100 mm, 92.6900 mm): Pad 9 [GND] of SW1 on F.Cu
    @(161.2900 mm, 82.5500 mm): PTH pad 28 [GND] of A2
[unconnected_items]: Missing connection between items
    Local override; error
    @(161.2900 mm, 57.1500 mm): PTH pad 38 [GND] of A2
    @(161.2900 mm, 69.8500 mm): PTH pad 33 [GND] of A2
[unconnected_items]: Missing connection between items
    Local override; error
    @(161.2900 mm, 69.8500 mm): PTH pad 33 [GND] of A2
    @(161.2900 mm, 82.5500 mm): PTH pad 28 [GND] of A2
[unconnected_items]: Missing connection between items
    Local override; error
    @(161.2900 mm, 95.2500 mm): PTH pad 23 [GND] of A2
    @(157.0100 mm, 92.6900 mm): Pad 9 [GND] of SW1 on F.Cu
[unconnected_items]: Missing connection between items
    Local override; error
    @(164.9000 mm, 105.5600 mm): PTH pad 0 [GND] of J2
    @(161.2900 mm, 95.2500 mm): PTH pad 23 [GND] of A2
[unconnected_items]: Missing connection between items
    Local override; error
    @(164.9000 mm, 105.5600 mm): PTH pad 0 [GND] of J2
    @(195.7500 mm, 93.9400 mm): Pad 2 [GND] of U1 on F.Cu
[unconnected_items]: Missing connection between items
    Local override; error
    @(195.7500 mm, 89.9400 mm): Pad 8 [GND] of U4 on F.Cu
    @(195.7500 mm, 93.9400 mm): Pad 2 [GND] of U1 on F.Cu
[unconnected_items]: Missing connection between items
    Local override; error
    @(200.7000 mm, 82.3200 mm): Pad 15 [GND] of U4 on F.Cu
    @(195.7500 mm, 89.9400 mm): Pad 8 [GND] of U4 on F.Cu
[unconnected_items]: Missing connection between items
    Local override; error
    @(215.6075 mm, 84.6650 mm): Pad 3 [GND] of D1 on F.Cu
    @(200.7000 mm, 82.3200 mm): Pad 15 [GND] of U4 on F.Cu
[unconnected_items]: Missing connection between items
    Local override; error
    @(215.6075 mm, 89.2900 mm): Pad 3 [GND] of D2 on F.Cu
    @(215.6075 mm, 84.6650 mm): Pad 3 [GND] of D1 on F.Cu
[unconnected_items]: Missing connection between items
    Local override; error
    @(232.5750 mm, 92.0650 mm): Pad 5 [GND] of U2 on F.Cu
    @(215.6075 mm, 89.2900 mm): Pad 3 [GND] of D2 on F.Cu
[unconnected_items]: Missing connection between items
    Local override; error
    @(232.8100 mm, 103.2500 mm): Pad 7 [GND] of U3 on F.Cu
    @(232.5750 mm, 92.0650 mm): Pad 5 [GND] of U2 on F.Cu
[unconnected_items]: Missing connection between items
    Local override; error
    @(200.7000 mm, 81.0500 mm): Pad 16 [+3.3V] of U4 on F.Cu
    @(195.7500 mm, 95.2100 mm): Pad 3 [+3.3V] of U1 on F.Cu
[unconnected_items]: Missing connection between items
    Local override; error
    @(200.7000 mm, 81.0500 mm): Pad 16 [+3.3V] of U4 on F.Cu
    @(161.2900 mm, 62.2300 mm): PTH pad 36 [+3.3V] of A2
[unconnected_items]: Missing connection between items
    Local override; error
    @(214.3400 mm, 80.1800 mm): PTH pad 1 [+3.3V] of RN1
    @(200.7000 mm, 81.0500 mm): Pad 16 [+3.3V] of U4 on F.Cu
[unconnected_items]: Missing connection between items
    Local override; error
    @(232.5750 mm, 88.2550 mm): Pad 8 [+3.3V] of U2 on F.Cu
    @(214.3400 mm, 80.1800 mm): PTH pad 1 [+3.3V] of RN1
[unconnected_items]: Missing connection between items
    Local override; error
    @(181.7750 mm, 92.0250 mm): Pad 1 [/CAN-] of TP4 on F.Cu
    @(149.6300 mm, 104.1400 mm): PTH pad 2 [/CAN-] of J2
[unconnected_items]: Missing connection between items
    Local override; error
    @(213.7325 mm, 85.6150 mm): Pad 2 [/CAN-] of D1 on F.Cu
    @(181.7750 mm, 92.0250 mm): Pad 1 [/CAN-] of TP4 on F.Cu
[unconnected_items]: Missing connection between items
    Local override; error
    @(181.7750 mm, 81.3750 mm): Pad 1 [/MODBUS+] of TP1 on F.Cu
    @(153.7850 mm, 106.9800 mm): PTH pad 8 [/MODBUS+] of J2
[unconnected_items]: Missing connection between items
    Local override; error
    @(213.7325 mm, 90.2400 mm): Pad 2 [/MODBUS+] of D2 on F.Cu
    @(181.7750 mm, 81.3750 mm): Pad 1 [/MODBUS+] of TP1 on F.Cu
[unconnected_items]: Missing connection between items
    Local override; error
    @(181.7750 mm, 88.4750 mm): Pad 1 [/CAN+] of TP3 on F.Cu
    @(151.0150 mm, 106.9800 mm): PTH pad 7 [/CAN+] of J2
[unconnected_items]: Missing connection between items
    Local override; error
    @(213.7325 mm, 83.7150 mm): Pad 1 [/CAN+] of D1 on F.Cu
    @(181.7750 mm, 88.4750 mm): Pad 1 [/CAN+] of TP3 on F.Cu
[unconnected_items]: Missing connection between items
    Local override; error
    @(146.8600 mm, 104.1400 mm): PTH pad 1 [VCC] of J2
    @(156.5550 mm, 106.9800 mm): PTH pad 9 [VCC] of J2
[unconnected_items]: Missing connection between items
    Local override; error
    @(181.7750 mm, 84.9250 mm): Pad 1 [/MODBUS-] of TP2 on F.Cu
    @(155.1700 mm, 104.1400 mm): PTH pad 4 [/MODBUS-] of J2
[unconnected_items]: Missing connection between items
    Local override; error
    @(213.7325 mm, 88.3400 mm): Pad 1 [/MODBUS-] of D2 on F.Cu
    @(181.7750 mm, 84.9250 mm): Pad 1 [/MODBUS-] of TP2 on F.Cu
[unconnected_items]: Missing connection between items
    Local override; error
    @(157.0100 mm, 100.3100 mm): Pad 8 [Net-(RN1-R1)] of SW1 on F.Cu
    @(195.7500 mm, 87.4000 mm): Pad 6 [Net-(RN1-R1)] of U4 on F.Cu
[unconnected_items]: Missing connection between items
    Local override; error
    @(195.7500 mm, 87.4000 mm): Pad 6 [Net-(RN1-R1)] of U4 on F.Cu
    @(216.8800 mm, 80.1800 mm): PTH pad 2 [Net-(RN1-R1)] of RN1
[unconnected_items]: Missing connection between items
    Local override; error
    @(200.7000 mm, 83.5900 mm): Pad 14 [Net-(RN1-R5)] of U4 on F.Cu
    @(151.9300 mm, 100.3100 mm): Pad 4 [Net-(RN1-R5)] of SW1 on F.Cu
[unconnected_items]: Missing connection between items
    Local override; error
    @(227.0400 mm, 80.1800 mm): PTH pad 6 [Net-(RN1-R5)] of RN1
    @(200.7000 mm, 83.5900 mm): Pad 14 [Net-(RN1-R5)] of U4 on F.Cu
[unconnected_items]: Missing connection between items
    Local override; error
    @(195.7500 mm, 84.8600 mm): Pad 4 [Net-(RN1-R3)] of U4 on F.Cu
    @(154.4700 mm, 100.3100 mm): Pad 6 [Net-(RN1-R3)] of SW1 on F.Cu
[unconnected_items]: Missing connection between items
    Local override; error
    @(221.9600 mm, 80.1800 mm): PTH pad 4 [Net-(RN1-R3)] of RN1
    @(195.7500 mm, 84.8600 mm): Pad 4 [Net-(RN1-R3)] of U4 on F.Cu
[unconnected_items]: Missing connection between items
    Local override; error
    @(200.7000 mm, 86.1300 mm): Pad 12 [Net-(RN1-R7)] of U4 on F.Cu
    @(149.3900 mm, 100.3100 mm): Pad 2 [Net-(RN1-R7)] of SW1 on F.Cu
[unconnected_items]: Missing connection between items
    Local override; error
    @(232.1200 mm, 80.1800 mm): PTH pad 8 [Net-(RN1-R7)] of RN1
    @(200.7000 mm, 86.1300 mm): Pad 12 [Net-(RN1-R7)] of U4 on F.Cu
[unconnected_items]: Missing connection between items
    Local override; error
    @(195.7500 mm, 86.1300 mm): Pad 5 [Net-(RN1-R2)] of U4 on F.Cu
    @(155.7400 mm, 100.3100 mm): Pad 7 [Net-(RN1-R2)] of SW1 on F.Cu
[unconnected_items]: Missing connection between items
    Local override; error
    @(219.4200 mm, 80.1800 mm): PTH pad 3 [Net-(RN1-R2)] of RN1
    @(195.7500 mm, 86.1300 mm): Pad 5 [Net-(RN1-R2)] of U4 on F.Cu
[unconnected_items]: Missing connection between items
    Local override; error
    @(200.7000 mm, 84.8600 mm): Pad 13 [Net-(RN1-R6)] of U4 on F.Cu
    @(150.6600 mm, 100.3100 mm): Pad 3 [Net-(RN1-R6)] of SW1 on F.Cu
[unconnected_items]: Missing connection between items
    Local override; error
    @(229.5800 mm, 80.1800 mm): PTH pad 7 [Net-(RN1-R6)] of RN1
    @(200.7000 mm, 84.8600 mm): Pad 13 [Net-(RN1-R6)] of U4 on F.Cu
[unconnected_items]: Missing connection between items
    Local override; error
    @(200.7000 mm, 87.4000 mm): Pad 11 [Net-(RN1-R8)] of U4 on F.Cu
    @(148.1200 mm, 100.3100 mm): Pad 1 [Net-(RN1-R8)] of SW1 on F.Cu
[unconnected_items]: Missing connection between items
    Local override; error
    @(234.6600 mm, 80.1800 mm): PTH pad 9 [Net-(RN1-R8)] of RN1
    @(200.7000 mm, 87.4000 mm): Pad 11 [Net-(RN1-R8)] of U4 on F.Cu
[unconnected_items]: Missing connection between items
    Local override; error
    @(195.7500 mm, 83.5900 mm): Pad 3 [Net-(RN1-R4)] of U4 on F.Cu
    @(153.2000 mm, 100.3100 mm): Pad 5 [Net-(RN1-R4)] of SW1 on F.Cu
[unconnected_items]: Missing connection between items
    Local override; error
    @(224.5000 mm, 80.1800 mm): PTH pad 5 [Net-(RN1-R4)] of RN1
    @(195.7500 mm, 83.5900 mm): Pad 3 [Net-(RN1-R4)] of U4 on F.Cu
[unconnected_items]: Missing connection between items
    Local override; error
    @(227.6250 mm, 89.5250 mm): Pad 2 [/RS_TNOW] of U2 on F.Cu
    @(227.6250 mm, 90.7950 mm): Pad 3 [/RS_TNOW] of U2 on F.Cu

** Found 20 Footprint errors **
[missing_footprint]: Missing footprint C1 (0.1u)
    Local override; warning
[missing_footprint]: Missing footprint C2 (0.1u)
    Local override; warning
[missing_footprint]: Missing footprint C3 (xxx)
    Local override; warning
[missing_footprint]: Missing footprint C4 (xxx)
    Local override; warning
[missing_footprint]: Missing footprint C5 (0.1u)
    Local override; warning
[missing_footprint]: Missing footprint C6 (5n)
    Local override; warning
[missing_footprint]: Missing footprint C7 (xxx)
    Local override; warning
[missing_footprint]: Missing footprint D3 (xxx)
    Local override; warning
[missing_footprint]: Missing footprint D4 (25V)
    Local override; warning
[missing_footprint]: Missing footprint F1 (Fuse)
    Local override; warning
[missing_footprint]: Missing footprint J1 (ADDR_EN)
    Local override; warning
[missing_footprint]: Missing footprint L1 (L)
    Local override; warning
[missing_footprint]: Missing footprint Q1 (PMOS)
    Local override; warning
[missing_footprint]: Missing footprint R1 (0R)
    Local override; warning
[missing_footprint]: Missing footprint R2 (0R)
    Local override; warning
[missing_footprint]: Missing footprint R3 (10K)
    Local override; warning
[missing_footprint]: Missing footprint R4 (0R)
    Local override; warning
[missing_footprint]: Missing footprint R5 (0R)
    Local override; warning
[missing_footprint]: Missing footprint R8 (xxx)
    Local override; warning
[missing_footprint]: Missing footprint R9 (142K)
    Local override; warning

** End of Report **
